[www.360wellsols.com/index.html]
[www.360wellsols.com/wp-content/uploads/2017/04/cropped-wellsols-32x32.jpg]
[www.360wellsols.com/wp-content/uploads/2017/04/cropped-wellsols-192x192.jpg]
[www.360wellsols.com/wp-content/uploads/2017/04/cropped-wellsols-180x180.jpg]
[www.360wellsols.com/wp-content/uploads/2017/04/cropped-wellsols-270x270.jpg]
[backblue.gif]
[fade.gif]
[index.html]
[www.360wellsols.com/wp-content/plugins/social-warfare/fonts/sw-icon-font8ce6.eot]
[www.360wellsols.com/wp-content/plugins/social-warfare/fonts/sw-icon-font8ce6.woff]
[www.360wellsols.com/wp-content/plugins/social-warfare/fonts/sw-icon-font8ce6.ttf]
[www.360wellsols.com/feed/index.html]
[www.360wellsols.com/comments/feed/index.html]
[www.360wellsols.com/wp-content/cache/wpfc-minified/8b10237cf1bf7ee46b6b7b70e810ba07/1502530583index.js]
[www.360wellsols.com/wp-content/cache/wpfc-minified/e5fd9706c579c24992ac7696cf18896b/1502530583index.js]
[www.360wellsols.com/wp-content/cache/wpfc-minified/e1d745871d926e919717c966841bd99d/1502530583index.js]
[www.360wellsols.com/xmlrpc0db0.php]
[www.360wellsols.com/wp-json/index.html]
[www.360wellsols.com/wp-includes/wlwmanifest.xml]
[www.360wellsols.com/wp-json/oembed/1.0/embed80ea.json]
[www.360wellsols.com/wp-json/oembed/1.0/embed06eb]
[www.360wellsols.com/wp-content/plugins/dvgallery/css/icons/c-left.png]
[www.360wellsols.com/wp-content/plugins/dvgallery/css/icons/c-right.png]
[www.360wellsols.com/wp-content/plugins/dvgallery/css/icons/zoom.png]
[www.360wellsols.com/wp-content/plugins/dvgallery/css/icons/video.png]
[www.360wellsols.com/wp-content/plugins/dvgallery/css/icons/link.png]
[www.360wellsols.com/wp-content/plugins/dvgallery/css/icons/loader.gif]
[www.360wellsols.com/wp-content/uploads/2016/05/360wellness-solution-1.png]
[www.360wellsols.com/wp-content/uploads/2017/06/yog.jpg]
[www.360wellsols.com/wp-content/uploads/2016/05/yoga-2.jpg]
[www.360wellsols.com/about-us/index.html]
[www.360wellsols.com/services/wellness-tourism/index.html]
[www.360wellsols.com/wp-content/uploads/2017/06/Ayurveda.jpg]
[www.360wellsols.com/services/ayurveda-retreat/index.html]
[www.360wellsols.com/wp-content/uploads/2017/06/200-hour-yoga-teacher-training-rishikesh.jpg]
[www.360wellsols.com/wp-content/uploads/2017/07/Minimalist-Zen-Home-Design-Interior1.jpg]
[www.360wellsols.com/wp-content/uploads/2017/07/Mantra-Yoga-Meditation-Reviews-Rishikesh-School-Ashram-India.jpg]
[www.360wellsols.com/wp-content/uploads/2016/05/counter_1.png]
[www.360wellsols.com/services/yoga/index.html]
[www.360wellsols.com/wp-content/uploads/2016/05/counter_2.png]
[www.360wellsols.com/wp-content/uploads/2016/05/counter_3.png]
[www.360wellsols.com/services/naturopathy-wellness-retreatment/index.html]
[www.360wellsols.com/wp-content/uploads/2016/05/counter_4.png]
[www.360wellsols.com/services/meditation-retreat/index.html]
[www.360wellsols.com/wp-content/uploads/2017/04/35307977586_be17c6356f_z.jpg]
[www.360wellsols.com/services/physiotherapy-wellness-retreat/index.html]
[www.360wellsols.com/wp-content/uploads/2017/07/isa.jpg]
[www.360wellsols.com/services/homeopathy-retreat/index.html]
[www.360wellsols.com/wp-content/uploads/2017/06/Yoga-Class.jpg]
[www.360wellsols.com/wp-content/uploads/2016/05/theme-icon-1.png]
[www.360wellsols.com/healthy-homes/index.html]
[www.360wellsols.com/wp-content/plugins/dvgallery/js/lightgallerya288.js]
[www.360wellsols.com/applicationconsultation/index.html]
[www.360wellsols.com/wp-content/plugins/dvgallery/js/owla288.js]
[www.360wellsols.com/services/scientific-vastutm/index.html]
[www.360wellsols.com/services/spiritual-wellness/index.html]
[www.360wellsols.com/wp-content/plugins/dvgallery/js/wookmarka288.js]
[www.360wellsols.com/wp-content/plugins/dvgallery/js/backstretch.mina288.js]
[www.360wellsols.com/events/index.html]
[www.360wellsols.com/wp-content/plugins/noo-timetable/assets/js/noo-timetable.js]
[www.360wellsols.com/wp-content/plugins/noo-timetable/assets/vendor/readmore.js]
[www.360wellsols.com/gallery/index.html]
[www.360wellsols.com/wp-content/plugins/social-warfare/js/script.min8ce6.js]
[www.360wellsols.com/rishikesh/index.html]
[www.360wellsols.com/wp-content/plugins/jetpack/modules/wpgrohoa288.js]
[www.360wellsols.com/mcleodganj/index.html]
[www.360wellsols.com/wp-includes/js/comment-reply.mina288.js]
[www.360wellsols.com/bir-himachal-pradesh/index.html]
[www.360wellsols.com/wp-content/themes/noo-hermosa/assets/vendor/infinitescroll-2.0.2.min.js]
[www.360wellsols.com/blog/index.html]
[www.360wellsols.com/wp-content/themes/noo-hermosa/assets/js/off-cavnass.js]
[www.360wellsols.com/contact-us/index.html]
[www.360wellsols.com/blog/meditation-retreat/index.html]
[www.360wellsols.com/wp-content/themes/noo-hermosa/assets/js/noo_new.js]
[www.360wellsols.com/blog/category/meditation/index.html]
[www.360wellsols.com/wp-content/themes/noo-hermosa/assets/js/noo_class.js]
[www.360wellsols.com/blog/sabbathshabbat-שַׁבָּת-related-hebrew-verb-cease-rest/index.html]
[www.360wellsols.com/wp-content/themes/noo-hermosa/assets/js/noo.js]
[www.360wellsols.com/wp-content/themes/noo-hermosa/assets/js/noo_event.js]
[www.360wellsols.com/blog/category/health/index.html]
[www.360wellsols.com/wp-includes/js/wp-embed.mina288.js]
[www.360wellsols.com/frequently-asked-questions-faqs/index.html]
[www.360wellsols.com/wp-content/plugins/js_composer/assets/js/dist/js_composer_front.min5597.js]
[www.360wellsols.com/wp-content/plugins/js_composer/assets/lib/waypoints/waypoints.min5597.js]
[www.360wellsols.com/wp-content/plugins/js_composer/assets/lib/bower/skrollr/dist/skrollr.min5597.js]
[www.360wellsols.com/wp-content/themes/noo-hermosa/assets/vendor/easing-1.3.0.min.js]
[www.360wellsols.com/wp-content/themes/noo-hermosa/assets/vendor/jquery.appear.js]
[www.360wellsols.com/wp-content/themes/noo-hermosa/assets/vendor/jquery.countTo.js]
[www.360wellsols.com/wp-includes/js/imagesloaded.min55a0.js]
[www.360wellsols.com/wp-content/plugins/js_composer/assets/lib/bower/isotope/dist/isotope.pkgd.min5597.js]
[www.360wellsols.com/index.html]
[www.360wellsols.com/wp-content/plugins/social-warfare/fonts/sw-icon-font8ce6.svg]
[www.360wellsols.com/wp-content/themes/noo-hermosa/assets/js/noo-maps.js]
[www.360wellsols.com/wp-content/plugins/google-language-translator/images/flags22.png]
[www.360wellsols.com/wp-content/plugins/google-language-translator/images/flags20.png]
[www.360wellsols.com/wp-content/plugins/google-language-translator/images/flags18.png]
[www.360wellsols.com/wp-content/plugins/google-language-translator/images/flags16.png]
[www.360wellsols.com/wp-content/plugins/google-language-translator/images/flags.png]
[www.360wellsols.com/wp-content/plugins/pricingtable/css/wood_pattern.48.delayed]
[www.360wellsols.com/wp-content/plugins/pricingtable/css/icon/item-cross.png]
[www.360wellsols.com/wp-content/plugins/pricingtable/css/ribbons/none.png]
[www.360wellsols.com/wp-content/plugins/pricingtable/css/ribbons/free.png]
[www.360wellsols.com/wp-content/plugins/pricingtable/css/ribbons/save.png]
[www.360wellsols.com/wp-content/plugins/pricingtable/css/ribbons/hot.png]
[www.360wellsols.com/wp-content/plugins/pricingtable/css/ribbons/pro.png]
[www.360wellsols.com/wp-content/plugins/pricingtable/css/ribbons/best.png]
[www.360wellsols.com/wp-content/plugins/pricingtable/css/ribbons/gift.png]
[www.360wellsols.com/wp-content/plugins/pricingtable/css/ribbons/sale.png]
[www.360wellsols.com/wp-content/plugins/pricingtable/css/ribbons/new.png]
[www.360wellsols.com/wp-content/plugins/pricingtable/css/ribbons/top.png]
[www.360wellsols.com/wp-content/plugins/pricingtable/css/ribbons/fresh.png]
[www.360wellsols.com/wp-content/plugins/pricingtable/css/ribbons/dis-10.png]
[www.360wellsols.com/wp-content/plugins/pricingtable/css/ribbons/dis-20.png]
[www.360wellsols.com/wp-content/plugins/pricingtable/css/ribbons/dis-30.png]
[www.360wellsols.com/wp-content/plugins/pricingtable/css/ribbons/dis-40.png]
[www.360wellsols.com/wp-content/plugins/pricingtable/css/ribbons/dis-50.png]
[www.360wellsols.com/wp-content/plugins/pricingtable/css/ribbons/dis-60.png]
[www.360wellsols.com/wp-content/plugins/pricingtable/css/ribbons/dis-70.png]
[www.360wellsols.com/wp-content/plugins/pricingtable/css/ribbons/dis-80.png]
[www.360wellsols.com/wp-content/plugins/pricingtable/css/ribbons/dis-90.png]
[www.360wellsols.com/wp-content/plugins/pricingtable/css/ribbons/dis-100.png]
[www.360wellsols.com/wp-content/plugins/pricingtable/css/icon/star_yellow.png]
[www.360wellsols.com/wp-content/plugins/pricingtable/css/icon/2co.png]
[www.360wellsols.com/wp-content/plugins/pricingtable/css/icon/amazon.png]
[www.360wellsols.com/wp-content/plugins/pricingtable/css/icon/bitcoin.png]
[www.360wellsols.com/wp-content/plugins/pricingtable/css/icon/calendar.png]
[www.360wellsols.com/wp-content/plugins/pricingtable/css/icon/chat.png]
[www.360wellsols.com/wp-content/plugins/pricingtable/css/icon/cloud_download.png]
[www.360wellsols.com/wp-content/plugins/pricingtable/css/icon/american_express.png]
[www.360wellsols.com/wp-content/plugins/pricingtable/css/icon/discover.png]
[www.360wellsols.com/wp-content/plugins/pricingtable/css/icon/ebay.png]
[www.360wellsols.com/wp-content/plugins/pricingtable/css/icon/email.png]
[www.360wellsols.com/wp-content/plugins/pricingtable/css/icon/google_wallet.png]
[www.360wellsols.com/wp-content/plugins/pricingtable/css/icon/heart_red.png]
[www.360wellsols.com/wp-content/plugins/pricingtable/css/icon/like.png]
[www.360wellsols.com/wp-content/plugins/pricingtable/css/icon/mastercard.png]
[www.360wellsols.com/wp-content/plugins/pricingtable/css/icon/minus_border.png]
[www.360wellsols.com/wp-content/plugins/pricingtable/css/icon/minus_round.png]
[www.360wellsols.com/wp-content/plugins/pricingtable/css/icon/money.png]
[www.360wellsols.com/wp-content/plugins/pricingtable/css/icon/paypal.png]
[www.360wellsols.com/wp-content/plugins/pricingtable/css/icon/plus_border.png]
[www.360wellsols.com/wp-content/plugins/pricingtable/css/icon/plus_round_green.png]
[www.360wellsols.com/wp-content/plugins/pricingtable/css/icon/share_hub.png]
[www.360wellsols.com/wp-content/plugins/pricingtable/css/icon/skrill.png]
[www.360wellsols.com/wp-content/plugins/pricingtable/css/icon/star_border.png]
[www.360wellsols.com/wp-content/plugins/pricingtable/css/icon/support_phone.png]
[www.360wellsols.com/wp-content/plugins/pricingtable/css/icon/support_24_7.png]
[www.360wellsols.com/wp-content/plugins/pricingtable/css/icon/phone.png]
[www.360wellsols.com/wp-content/plugins/pricingtable/css/icon/tik_border.png]
[www.360wellsols.com/wp-content/plugins/pricingtable/css/icon/tik_black.png]
[www.360wellsols.com/wp-content/plugins/pricingtable/css/icon/tik_black_round.png]
[www.360wellsols.com/wp-content/plugins/pricingtable/css/icon/tik_green.png]
[www.360wellsols.com/wp-content/plugins/pricingtable/css/icon/user.png]
[www.360wellsols.com/wp-content/plugins/pricingtable/css/icon/user_group.png]
[www.360wellsols.com/wp-content/plugins/pricingtable/css/icon/visa.png]
[www.360wellsols.com/wp-content/plugins/pricingtable/css/icon/world_pay.png]
[www.360wellsols.com/wp-content/cache/wpfc-minified/634c8eb42781e587bb7e9b355e9f60e0/1502530583index.css]
[www.360wellsols.com/wp-content/cache/wpfc-minified/342461548f9f23fb45d44c2935ffaeed/1502530583index.css]
[www.360wellsols.com/wp-content/plugins/js_composer/assets/lib/bower/font-awesome/fonts/fontawesome-webfont5b62.eot]
[www.360wellsols.com/wp-content/themes/noo-hermosa/assets/vendor/fontawesome/fonts/fontawesome-webfont914c.eot]
[www.360wellsols.com/wp-content/cache/wpfc-minified/091537d1e2dcd4ddcd396003c57f1d05/1502530583index.css]
[www.360wellsols.com/wp-content/themes/noo-hermosa/assets/vendor/ionicons/fonts/ionicons28b5.eot]
[www.360wellsols.com/wp-content/themes/noo-hermosa/assets/images/remove.png]
[www.360wellsols.com/wp-content/themes/noo-hermosa/assets/images/arr.png]
[www.360wellsols.com/wp-content/themes/noo-hermosa/assets/images/theme-icon.png]
[www.360wellsols.com/wp-content/themes/noo-hermosa/assets/images/vector-class-slider-2.png]
[www.360wellsols.com/wp-content/themes/noo-hermosa/assets/images/vector-class-slider-3.png]
[www.360wellsols.com/wp-content/themes/noo-hermosa/assets/images/vector-class-slider-1.png]
[www.360wellsols.com/wp-content/themes/noo-hermosa/assets/images/arrow.png]
[www.360wellsols.com/wp-content/themes/noo-hermosa/assets/images/prev-icon.png]
[www.360wellsols.com/wp-content/themes/noo-hermosa/assets/images/next-icon.png]
[www.360wellsols.com/wp-content/themes/noo-hermosa/assets/images/remove2.png]
[www.360wellsols.com/wp-content/plugins/js_composer/assets/vc/alert.png]
[www.360wellsols.com/wp-content/plugins/rich-reviews/fonts/glyphicons-halflings-regular.eot]
[www.360wellsols.com/wp-content/plugins/jetpack/modules/shortcodes/img/slideshow-controls.png]
[www.360wellsols.com/wp-content/cache/wpfc-minified/61e98b32e9bf23e2d1d06a372f967f18/1502530583index.css]
[www.360wellsols.com/wp-content/plugins/jetpack/modules/shortcodes/images/slide-nav.png]
[www.360wellsols.com/wp-content/themes/noo-hermosa/includes/admin_assets/js/min/noo-megamenu.mina288.js]
[www.360wellsols.com/indexb961.html]
[www.360wellsols.com/wp-content/cache/wpfc-minified/701dfb6e2a69e5eebba28db45f68461b/1502531020index.js]
[www.360wellsols.com/wp-json/oembed/1.0/embedf671.json]
[www.360wellsols.com/wp-json/oembed/1.0/embed0cf7]
[www.360wellsols.com/wp-content/uploads/2016/05/bg-about-2fafd.png]
[www.360wellsols.com/wp-content/plugins/noo-timetable/assets/vendor/owl-carousel/owl.carousel.min.js]
[www.360wellsols.com/about-us/index.html]
[www.360wellsols.com/wp-json/oembed/1.0/embed2029.json]
[www.360wellsols.com/wp-json/oembed/1.0/embed2779]
[www.360wellsols.com/wp-content/uploads/2017/04/bg-gallery-page.jpg]
[www.360wellsols.com/services/wellness-tourism/index.html]
[www.360wellsols.com/wp-json/oembed/1.0/embeda7a8.json]
[www.360wellsols.com/wp-json/oembed/1.0/embed23a5]
[www.360wellsols.com/wp-content/uploads/2017/04/logo.png]
[www.360wellsols.com/wp-content/uploads/2017/04/naturopathy-3.jpg]
[www.360wellsols.com/services/ayurveda-retreat/index.html]
[www.360wellsols.com/services/index.html]
[www.360wellsols.com/wp-json/oembed/1.0/embed629d.json]
[www.360wellsols.com/wp-json/oembed/1.0/embed52a8]
[www.360wellsols.com/services/yoga/index.html]
[www.360wellsols.com/wp-json/oembed/1.0/embed00ec.json]
[www.360wellsols.com/wp-json/oembed/1.0/embed73f6]
[www.360wellsols.com/wp-content/uploads/2017/04/Ayurvedic-Medicine-Treatment.jpg]
[www.360wellsols.com/services/naturopathy-wellness-retreatment/index.html]
[www.360wellsols.com/wp-json/oembed/1.0/embed8bcf.json]
[www.360wellsols.com/services/meditation-retreat/index.html]
[www.360wellsols.com/wp-json/oembed/1.0/embede3ef]
[www.360wellsols.com/wp-json/oembed/1.0/embedd39c.json]
[www.360wellsols.com/wp-json/oembed/1.0/embed8e52]
[www.360wellsols.com/wp-content/uploads/2017/04/20011736930_a195ea77a3_b.aa.delayed]
[www.360wellsols.com/services/physiotherapy-wellness-retreat/index.html]
[www.360wellsols.com/wp-json/oembed/1.0/embeda706.json]
[www.360wellsols.com/wp-json/oembed/1.0/embed8310]
[www.360wellsols.com/wp-content/uploads/2017/04/homeopathy_Globules_735_350.jpg]
[www.360wellsols.com/services/homeopathy-retreat/index.html]
[www.360wellsols.com/wp-json/oembed/1.0/embed79a0.json]
[www.360wellsols.com/wp-json/oembed/1.0/embede608]
[www.360wellsols.com/wp-content/uploads/2017/04/360Homes.png]
[www.360wellsols.com/healthy-homes/index.html]
[www.360wellsols.com/wp-json/oembed/1.0/embed0e9f.json]
[www.360wellsols.com/wp-json/oembed/1.0/embedd1f6]
[www.360wellsols.com/wp-content/uploads/2017/06/20150714_094612-1024x576.jpg]
[www.360wellsols.com/wp-content/plugins/arforms.b6.delayed]
[www.360wellsols.com/wp-content/plugins/arforms/js/arformsb246.js]
[www.360wellsols.com/wp-content/plugins/arforms/index.html]
[www.360wellsols.com/wp-content/plugins/arforms/js/jquery.maskedinput.minb246.js]
[www.360wellsols.com/wp-content/plugins/arforms/bootstrap/js/bootstrap-selectb246.js]
[www.360wellsols.com/wp-content/plugins/arforms/bootstrap/js/icheck.minb246.js]
[www.360wellsols.com/wp-content/plugins/arforms/bootstrap/js/bootstrap.minb246.js]
[www.360wellsols.com/wp-content/plugins/arforms/bootstrap/js/jqBootstrapValidationb246.js]
[www.360wellsols.com/index.be4d1b.delayed]
[www.360wellsols.com/applicationconsultation/index.html]
[www.360wellsols.com/index4d1b.html]
[www.360wellsols.com/wp-json/oembed/1.0/embed6890.json]
[www.360wellsols.com/wp-json/oembed/1.0/embedc561]
[www.360wellsols.com/wp-content/uploads/2016/09/nature-near-room.png]
[www.360wellsols.com/services/scientific-vastutm/index.html]
[www.360wellsols.com/wp-json/oembed/1.0/embed48b5.json]
[www.360wellsols.com/wp-json/oembed/1.0/embedede1]
[www.360wellsols.com/wp-content/uploads/2017/06/Yoga-Group.jpg]
[www.360wellsols.com/services/spiritual-wellness/index.html]
[www.360wellsols.com/wp-json/oembed/1.0/embed4271.json]
[www.360wellsols.com/wp-json/oembed/1.0/embed712e]
[www.360wellsols.com/wp-content/uploads/2016/12/Ganga-Aarti-Participation-Meditation-Students-Rishikesh-India-1024x768.jpg]
[www.360wellsols.com/events/index.html]
[www.360wellsols.com/blog/events/keep-fit-fmsns/index.html]
[www.360wellsols.com/wp-json/oembed/1.0/embedceec.json]
[www.360wellsols.com/wp-json/oembed/1.0/embed2192]
[www.360wellsols.com/wp-content/uploads/2016/05/Rishikesh-India-Yoga-Capital-of-the-World.jpg]
[www.360wellsols.com/wp-content/uploads/2017/06/yog-1024x481.jpg]
[www.360wellsols.com/wp-content/uploads/2016/05/we-asked-an-exercise-scientist-what-the-best-basic-exercise-routine-is-to-see-results-1024x512-1.jpg]
[www.360wellsols.com/blog/events/make-home-healthy-using-scientific-vastu/index.html]
[www.360wellsols.com/gallery/index.html]
[www.360wellsols.com/blog/events/wellness-retreat/index.html]
[www.360wellsols.com/wp-json/oembed/1.0/embed13c1.json]
[www.360wellsols.com/blog/events/seminar-on-wellness/index.html]
[www.360wellsols.com/rishikesh/index.html]
[www.360wellsols.com/wp-json/oembed/1.0/embedb901]
[www.360wellsols.com/wp-json/oembed/1.0/embed8e9b.json]
[www.360wellsols.com/wp-json/oembed/1.0/embed85a9]
[www.360wellsols.com/wp-content/uploads/2017/04/Kashmir-valley-_1430221596e11.jpg]
[www.360wellsols.com/mcleodganj/index.html]
[www.360wellsols.com/wp-json/oembed/1.0/embed3667.json]
[www.360wellsols.com/wp-json/oembed/1.0/embed6b77]
[www.360wellsols.com/wp-content/uploads/2017/05/IMG_0526.jpg]
[www.360wellsols.com/bir-himachal-pradesh/index.html]
[www.360wellsols.com/wp-content/uploads/2017/07/color_energy.png]
[www.360wellsols.com/wp-content/uploads/2017/06/Women-Thyroid.jpg]
[www.360wellsols.com/blog/page/2/index.html]
[www.360wellsols.com/wp-content/uploads/2017/05/Mind-Consciousness.jpg]
[www.360wellsols.com/wp-content/uploads/2017/05/Beauty-of-Rishikesh.jpg]
[www.360wellsols.com/wp-content/uploads/2017/05/Importance-of-better-sleep.jpg]
[www.360wellsols.com/wp-content/uploads/2017/04/McLeodganj-in-Dharamshala.jpg]
[www.360wellsols.com/blog/index.html]
[www.360wellsols.com/wp-json/oembed/1.0/embed17f2.json]
[www.360wellsols.com/blog/author/wellsols/index.html]
[www.360wellsols.com/wp-json/oembed/1.0/embedcfc9]
[www.360wellsols.com/blog/usefulness-colour-therapy/index.html]
[www.360wellsols.com/wp-content/uploads/2017/06/image-10.jpg]
[www.360wellsols.com/blog/human-thougths-word-effects-thyroid/index.html]
[www.360wellsols.com/blog/warming-up-our-consciousness/index.html]
[www.360wellsols.com/contact-us/index.html]
[www.360wellsols.com/blog/rishikesh-world-capital-yoga/index.html]
[www.360wellsols.com/blog/importance-of-sleeping-on-time-adequately/index.html]
[www.360wellsols.com/wp-json/oembed/1.0/embede1cb.json]
[www.360wellsols.com/blog/forgiveness/index.html]
[www.360wellsols.com/wp-json/oembed/1.0/embed1393]
[www.360wellsols.com/blog/meditation-retreat/index.html]
[www.360wellsols.com/blog/ayurveda-a-holostic-science/index.html]
[www.360wellsols.com/wp-content/uploads/2016/05/yoga-2-1024x481.jpg]
[www.360wellsols.com/blog/holiday/index.html]
[www.360wellsols.com/wp-content/uploads/2016/04/Ragas-and-Chakras-e1492427308930.png]
[www.360wellsols.com/blog/category/meditation/index.html]
[www.360wellsols.com/blog/page/5/index.html]
[www.360wellsols.com/blog/category/360-tours/index.html]
[www.360wellsols.com/wp-json/oembed/1.0/embede566.json]
[www.360wellsols.com/wp-json/oembed/1.0/embed14d1]
[www.360wellsols.com/blog/sabbathshabbat-שַׁבָּת-related-hebrew-verb-cease-rest/index.html]
[www.360wellsols.com/blog/category/inspiration/index.html]
[www.360wellsols.com/wp-content/uploads/2017/06/thitd-1024x355.jpg]
[www.360wellsols.com/blog/category/news/index.html]
[www.360wellsols.com/blog/category/wellness/index.html]
[www.360wellsols.com/wp-content/uploads/2017/04/Heatlhy-Sleep-e1492432724780.jpg]
[www.360wellsols.com/wp-content/uploads/2016/11/Mother-Wellness-e1492433669123.jpg]
[www.360wellsols.com/blog/category/yoga-concepts/index.html]
[www.360wellsols.com/blog/meditation-retreat/feed/index.html]
[www.360wellsols.com/wp-content/uploads/2017/04/Incredible-India.jpg]
[www.360wellsols.com/blog/category/health/index.html]
[www.360wellsols.com/blog/category/meditation/feed/index.html]
[www.360wellsols.com/blog/balancing-with-meditation/index.html]
[www.360wellsols.com/blog/meditation-2/index.html]
[www.360wellsols.com/wp-json/oembed/1.0/embed5911.json]
[www.360wellsols.com/blog/meditation-3/index.html]
[www.360wellsols.com/wp-json/oembed/1.0/embed394c]
[www.360wellsols.com/frequently-asked-questions-faqs/index.html]
[www.360wellsols.com/blog/an-introduction-to-mudras/index.html]
[www.360wellsols.com/wp-content/cache/wpfc-minified/9e762db6f4bf702f57298713d41ee632/1502530583index.css]
[www.360wellsols.com/blog/sabbathshabbat-שַׁבָּת-related-hebrew-verb-cease-rest/feed/index.html]
[www.360wellsols.com/blog/category/health/page/2/index.html]
[www.360wellsols.com/blog/category/health/feed/index.html]
[www.360wellsols.com/wp-content/plugins/pricingtable/css/wood_pattern.html]
[www.360wellsols.com/blog/beautiful-smile-beautiful-life/index.html]
[www.360wellsols.com/blog/healthy-sleep-healthy/index.html]
[www.360wellsols.com/blog/ante-natal-physiotherapy-healthy-mother-gives-birth-healthy-baby/index.html]
[www.360wellsols.com/blog/naturopathy/index.html]
[www.360wellsols.com/wp-content/cache/wpfc-minified/61a603c960defaca91426b7334e2cd88/1502531486index.css]
[www.360wellsols.com/blog/learning-and-knowing-yourself-by-visiting-india/index.html]
[www.360wellsols.com/wp-content/uploads/2016/05/bg-about-2fafd.png]
[www.360wellsols.com/blog/category/health/page/3/index.html]
[www.360wellsols.com/index92c4.html]
[www.360wellsols.com/wp-json/oembed/1.0/embed5603.json]
[www.360wellsols.com/services/index.html]
[www.360wellsols.com/indexc418.html]
[www.360wellsols.com/indexc24c.html]
[www.360wellsols.com/index6ca8.html]
[www.360wellsols.com/indexd8a8.html]
[www.360wellsols.com/index4f4d.html]
[www.360wellsols.com/index11ae.html]
[www.360wellsols.com/wp-json/oembed/1.0/embedb500]
[www.360wellsols.com/wp-content/cache/wpfc-minified/89741584ec47d4f1a52bc875ed296c2d/1502531020index.css]
[www.360wellsols.com/index5b51.html]
[www.360wellsols.com/wp-content/uploads/smile_fonts/Defaults/Defaults21ea.eot]
[www.360wellsols.com/wp-content/plugins/arforms/images/ajax_loader.ef.delayed]
[www.360wellsols.com/wp-content/plugins/arforms/images/upload-icon.png]
[www.360wellsols.com/wp-content/plugins/arforms/images/skins/flat/blue.png]
[www.360wellsols.com/wp-content/plugins/arforms/images/skins/flat/blue@2x.png]
[www.360wellsols.com/wp-content/cache/wpfc-minified/6306b47b856fa8d3e48d3224a3c44640/1502541673index.css]
[www.360wellsols.com/indexfaa4.html]
[www.360wellsols.com/wp-content/plugins/arforms/index.html]
[www.360wellsols.com/wp-content/cache/wpfc-minified/69941d85da24882300d8325c22121d6e/1502541672index.css]
[www.360wellsols.com/wp-content/plugins/arforms/bootstrap/img/glyphicons-halflings.png]
[www.360wellsols.com/wp-includes/js/jquery/jqueryb8ff.js]
[www.360wellsols.com/wp-includes/js/jquery/jquery-migrate.min330a.js]
[www.360wellsols.com/wp-content/plugins/google-language-translator/js/load-flagsa288.js]
[www.360wellsols.com/wp-content/plugins/google-language-translator/js/load-toolbara288.js]
[www.360wellsols.com/wp-content/plugins/pricingtable/js/scriptsa288.js]
[www.360wellsols.com/wp-content/plugins/pricingtable/ParaAdmin/js/ParaAdmina288.js]
[www.360wellsols.com/wp-content/plugins/revslider/public/assets/js/jquery.themepunch.tools.min4ee1.js]
[www.360wellsols.com/wp-content/plugins/revslider/public/assets/js/jquery.themepunch.revolution.min4ee1.js]
[www.360wellsols.com/wp-content/themes/noo-hermosa/assets/vendor/modernizr-2.7.1.min.js]
[www.360wellsols.com/wp-content/plugins/Ultimate_VC_Addons/assets/min-js/ultimate-params.minf39f.js]
[www.360wellsols.com/wp-content/plugins/Ultimate_VC_Addons/assets/min-js/jquery-appear.minf39f.js]
[www.360wellsols.com/wp-content/plugins/Ultimate_VC_Addons/assets/min-js/custom.minf39f.js]
[www.360wellsols.com/wp-content/plugins/rich-reviews/js/rich-reviews.mina288.js]
[www.360wellsols.com/index4d1b.html]
[www.360wellsols.com/index111d.html]
[www.360wellsols.com/index8141.html]
[www.360wellsols.com/index8114.html]
[www.360wellsols.com/blog/events/keep-fit-fmsns/feed/index.html]
[www.360wellsols.com/wp-json/oembed/1.0/embeda24b.json]
[www.360wellsols.com/wp-json/oembed/1.0/embed47ec]
[www.360wellsols.com/blog/events/keep-fit-fmsns/index.html]
[www.360wellsols.com/wp-content/themes/noo-hermosa/assets/vendor/datetimepicker/jquery.datetimepicker8d5a.js]
[www.360wellsols.com/wp-json/oembed/1.0/embed6cf5.json]
[www.360wellsols.com/blog/events/make-home-healthy-using-scientific-vastu/feed/index.html]
[www.360wellsols.com/blog/events/make-home-healthy-using-scientific-vastu/index.html]
[www.360wellsols.com/wp-json/oembed/1.0/embed275b]
[www.360wellsols.com/wp-json/oembed/1.0/embed12f6.json]
[www.360wellsols.com/blog/events/wellness-retreat/feed/index.html]
[www.360wellsols.com/blog/events/wellness-retreat/index.html]
[www.360wellsols.com/wp-json/oembed/1.0/embedc58c]
[www.360wellsols.com/wp-json/oembed/1.0/embed9a9d.json]
[www.360wellsols.com/blog/events/seminar-on-wellness/feed/index.html]
[www.360wellsols.com/blog/events/seminar-on-wellness/index.html]
[www.360wellsols.com/index0433.html]
[www.360wellsols.com/index5cdc.html]
[www.360wellsols.com/index6447.html]
[www.360wellsols.com/indexb5eb.html]
[www.360wellsols.com/wp-json/oembed/1.0/embed7f8b]
[www.360wellsols.com/wp-content/uploads/2017/04/kingdom-of-wellness-e1492431325257.jpg]
[www.360wellsols.com/wp-content/uploads/2016/12/Ganga-Aarti-Participation-Meditation-Students-Rishikesh-India-1024x768-1024x768.130.delayed]
[www.360wellsols.com/blog/page/3/index.html]
[www.360wellsols.com/wp-content/uploads/2016/11/solar-panel-home.jpg]
[www.360wellsols.com/blog/page/2/index.html]
[www.360wellsols.com/blog/heritage-holidys/index.html]
[www.360wellsols.com/indexb4bf.html]
[www.360wellsols.com/blog/kingdoms-full-wellness/index.html]
[www.360wellsols.com/blog/author/wellsols/index.html]
[www.360wellsols.com/blog/much-materialistic-perfection-spiritual-happiness/index.html]
[www.360wellsols.com/blog/color-clothes-personality/index.html]
[www.360wellsols.com/blog/homes-power-sunlight/index.html]
[www.360wellsols.com/wp-json/oembed/1.0/embede6c5.json]
[www.360wellsols.com/wp-json/oembed/1.0/embed6804]
[www.360wellsols.com/blog/usefulness-colour-therapy/index.html]
[www.360wellsols.com/blog/page/1/index.html]
[www.360wellsols.com/blog/author/wellsols/page/2/index.html]
[www.360wellsols.com/wp-json/oembed/1.0/embedccaf.json]
[www.360wellsols.com/blog/author/wellsols/feed/index.html]
[www.360wellsols.com/blog/author/wellsols/page/5/index.html]
[www.360wellsols.com/wp-json/oembed/1.0/embed9628]
[www.360wellsols.com/blog/human-thougths-word-effects-thyroid/index.html]
[www.360wellsols.com/blog/usefulness-colour-therapy/feed/index.html]
[www.360wellsols.com/blog/human-thougths-word-effects-thyroid/feed/index.html]
[www.360wellsols.com/wp-json/oembed/1.0/embed9f29.json]
[www.360wellsols.com/blog/warming-up-our-consciousness/feed/index.html]
[www.360wellsols.com/blog/warming-up-our-consciousness/index.html]
[www.360wellsols.com/wp-json/oembed/1.0/embed3720]
[www.360wellsols.com/blog/warming-up-our-consciousness/index94a5.html]
[www.360wellsols.com/wp-json/oembed/1.0/embed873e.json]
[www.360wellsols.com/blog/rishikesh-world-capital-yoga/feed/index.html]
[www.360wellsols.com/blog/rishikesh-world-capital-yoga/index.html]
[www.360wellsols.com/wp-json/oembed/1.0/embedb0f5]
[www.360wellsols.com/services/meditation/index.html]
[www.360wellsols.com/ayurveda/index.html]
[www.360wellsols.com/wp-json/oembed/1.0/embedeb34.json]
[www.360wellsols.com/blog/importance-of-sleeping-on-time-adequately/feed/index.html]
[www.360wellsols.com/blog/importance-of-sleeping-on-time-adequately/index.html]
[www.360wellsols.com/wp-json/oembed/1.0/embed5538]
[www.360wellsols.com/wp-json/oembed/1.0/embed8104.json]
[www.360wellsols.com/blog/forgiveness/feed/index.html]
[www.360wellsols.com/blog/forgiveness/index.html]
[www.360wellsols.com/wp-json/oembed/1.0/embedd909]
[www.360wellsols.com/wp-json/oembed/1.0/embededb0.json]
[www.360wellsols.com/blog/ayurveda-a-holostic-science/feed/index.html]
[www.360wellsols.com/blog/ayurveda-a-holostic-science/index.html]
[www.360wellsols.com/wp-json/oembed/1.0/embed9692]
[www.360wellsols.com/wp-json/oembed/1.0/embedb1b1.json]
[www.360wellsols.com/blog/holiday/feed/index.html]
[www.360wellsols.com/blog/holiday/index.html]
[www.360wellsols.com/wp-json/oembed/1.0/embed85d2]
[www.360wellsols.com/wp-content/uploads/2016/08/wellness-1024x554.jpg]
[www.360wellsols.com/wp-content/uploads/2016/06/spa-1024x683.jpg]
[www.360wellsols.com/blog/page/4/index.html]
[www.360wellsols.com/wp-content/uploads/2017/04/wellness-e1492495905244.png]
[www.360wellsols.com/wp-content/uploads/2016/04/Bhagwad-Gita-e1492425117426.png]
[www.360wellsols.com/wp-content/uploads/2017/04/360Homes-e1492425729526.png]
[www.360wellsols.com/blog/page/5/index.html]
[www.360wellsols.com/blog/wellness-daily-lives/index.html]
[www.360wellsols.com/wp-content/uploads/2017/04/ganga-ta-1024x641.jpg]
[www.360wellsols.com/blog/spa-treatments/index.html]
[www.360wellsols.com/wp-content/uploads/2017/04/adventure-tourism.jpg]
[www.360wellsols.com/blog/category/360-tours/index.html]
[www.360wellsols.com/blog/dealing-with-stress/index.html]
[www.360wellsols.com/blog/category/inspiration/index.html]
[www.360wellsols.com/blog/category/news/index.html]
[www.360wellsols.com/blog/spiritual-wellness/index.html]
[www.360wellsols.com/wp-content/uploads/2017/04/music-1024x640.jpg]
[www.360wellsols.com/blog/healthy-homes/index.html]
[www.360wellsols.com/wp-content/uploads/2017/04/HOMEOPATHY-IN-MEERUT_19551_image-e1492511149888.jpg]
[www.360wellsols.com/blog/how-to-deepen-your-yoga-practice/index.html]
[www.360wellsols.com/wp-content/uploads/2017/06/kasauli-3.jpg]
[www.360wellsols.com/blog/category/wellness/index.html]
[www.360wellsols.com/blog/category/360-tours/feed/index.html]
[www.360wellsols.com/blog/category/yoga-concepts/index.html]
[www.360wellsols.com/blog/my-first-ever-trekking-trip-joshimath-to-gurso-bugyal-2/index.html]
[www.360wellsols.com/wp-content/cache/wpfc-minified/e70c729fab97547a5cc43f7ea19fac6e/1502541701index.css]
[www.360wellsols.com/indexcaea.html]
[www.360wellsols.com/blog/save-river-ganga/index.html]
[www.360wellsols.com/wp-content/cache/wpfc-minified/88a2e8837c047a45c75778d4436cfa16/1502541701index.css]
[www.360wellsols.com/blog/adventure-tourism/index.html]
[www.360wellsols.com/index3404.html]
[www.360wellsols.com/index7bb5.html]
[www.360wellsols.com/blog/category/inspiration/feed/index.html]
[www.360wellsols.com/blog/living-with-nature/index.html]
[www.360wellsols.com/wp-json/oembed/1.0/embed19e1.json]
[www.360wellsols.com/blog/category/news/feed/index.html]
[www.360wellsols.com/wp-json/oembed/1.0/embedafcd]
[www.360wellsols.com/blog/balancing-with-meditation/index.html]
[www.360wellsols.com/blog/category/wellness/page/2/index.html]
[www.360wellsols.com/blog/category/wellness/feed/index.html]
[www.360wellsols.com/wp-json/oembed/1.0/embed66f0.json]
[www.360wellsols.com/blog/music-therapy-and-us/index.html]
[www.360wellsols.com/blog/homeopathy-wellness-approach/index.html]
[www.360wellsols.com/wp-json/oembed/1.0/embedcbbd]
[www.360wellsols.com/blog/meditation-2/index.html]
[www.360wellsols.com/blog/physiotherapy/index.html]
[www.360wellsols.com/blog/reviving-vedic-lifestyle/index.html]
[www.360wellsols.com/blog/category/yoga-concepts/feed/index.html]
[www.360wellsols.com/wp-json/oembed/1.0/embed95bc.json]
[www.360wellsols.com/blog/fitness-with-yoga/index.html]
[www.360wellsols.com/blog/balancing-with-meditation/feed/index.html]
[www.360wellsols.com/wp-json/oembed/1.0/embedb0c8]
[www.360wellsols.com/blog/meditation-3/index.html]
[www.360wellsols.com/blog/tag/self-development/index.html]
[www.360wellsols.com/blog/balancing-with-meditation/indexfa40.html]
[www.360wellsols.com/blog/meditation-2/feed/index.html]
[www.360wellsols.com/wp-json/oembed/1.0/embed21b5.json]
[www.360wellsols.com/blog/tag/life-hacks/index.html]
[www.360wellsols.com/blog/tag/inspiration/index.html]
[www.360wellsols.com/blog/meditation-2/index8528.html]
[www.360wellsols.com/wp-json/oembed/1.0/embed4b51]
[www.360wellsols.com/blog/an-introduction-to-mudras/index.html]
[www.360wellsols.com/blog/meditation-3/feed/index.html]
[www.360wellsols.com/indexbd81.html]
[www.360wellsols.com/blog/meditation-3/index360b.html]
[www.360wellsols.com/wp-content/uploads/2016/10/Most-Delecious-Punjabi-Food-Thali-Photos-1024x685.jpg]
[www.360wellsols.com/blog/an-introduction-to-mudras/feed/index.html]
[www.360wellsols.com/wp-content/uploads/2016/09/Healthy-Life-e1492502189151.jpg]
[www.360wellsols.com/blog/tag/meditation/index.html]
[www.360wellsols.com/wp-content/uploads/2017/04/clean-india-e1492508086777.jpg]
[www.360wellsols.com/blog/tag/mudras/index.html]
[www.360wellsols.com/wp-content/uploads/2017/06/image-12.jpg]
[www.360wellsols.com/blog/calories-versus-nutrients/index.html]
[www.360wellsols.com/wp-content/uploads/2017/05/IMG_2505-1024x768.jpg]
[www.360wellsols.com/blog/healthy-lifestyle/index.html]
[www.360wellsols.com/blog/category/health/page/2/index.html]
[www.360wellsols.com/index2b29.html]
[www.360wellsols.com/blog/air-conditioned-environments/index.html]
[www.360wellsols.com/blog/clean-india-green-india/index.html]
[www.360wellsols.com/blog/clean-body-with-ayurveda/index.html]
[www.360wellsols.com/wp-json/oembed/1.0/embedf293.json]
[www.360wellsols.com/blog/wellness-tourism/index.html]
[www.360wellsols.com/blog/category/health/page/1/index.html]
[www.360wellsols.com/blog/beautiful-smile-beautiful-life/index.html]
[www.360wellsols.com/wp-json/oembed/1.0/embed1b59]
[www.360wellsols.com/blog/beautiful-smile-beautiful-life/feed/index.html]
[www.360wellsols.com/wp-json/oembed/1.0/embeded17.json]
[www.360wellsols.com/blog/beautiful-smile-beautiful-life/indexa82a.html]
[www.360wellsols.com/blog/healthy-sleep-healthy/feed/index.html]
[www.360wellsols.com/blog/eat-healthy-nurition-guidance/index.html]
[www.360wellsols.com/blog/healthy-sleep-healthy/index.html]
[www.360wellsols.com/wp-json/oembed/1.0/embed78b1.json]
[www.360wellsols.com/blog/ante-natal-physiotherapy-healthy-mother-gives-birth-healthy-baby/feed/index.html]
[www.360wellsols.com/blog/ante-natal-physiotherapy-healthy-mother-gives-birth-healthy-baby/index.html]
[www.360wellsols.com/wp-json/oembed/1.0/embed1fdd]
[www.360wellsols.com/blog/ante-natal-physiotherapy-healthy-mother-gives-birth-healthy-baby/indexf970.html]
[www.360wellsols.com/wp-json/oembed/1.0/embedbd45.json]
[www.360wellsols.com/blog/naturopathy/feed/index.html]
[www.360wellsols.com/blog/naturopathy/index.html]
[www.360wellsols.com/wp-json/oembed/1.0/embedec01]
[www.360wellsols.com/wp-json/oembed/1.0/embedaed5.json]
[www.360wellsols.com/blog/learning-and-knowing-yourself-by-visiting-india/feed/index.html]
[www.360wellsols.com/blog/learning-and-knowing-yourself-by-visiting-india/index.html]
[www.360wellsols.com/blog/category/health/page/3/index.html]
[www.360wellsols.com/indexf622.html]
[www.360wellsols.com/index8eaa.html]
[www.360wellsols.com/wp-json/oembed/1.0/embedc266]
[www.360wellsols.com/wp-content/plugins/noo-timetable/assets/vendor/owl-carousel/AjaxLoader.163.delayed]
[www.360wellsols.com/wp-content/cache/wpfc-minified/4ac89ea37f631cbba172f2a55990467e/1502532704index.css]
[www.360wellsols.com/index3ac2.html]
[www.360wellsols.com/wp-content/plugins/arforms/images/ajax_loader.html]
[www.360wellsols.com/wp-content/plugins/google-language-translator/css/toolbara288.css]
[www.360wellsols.com/wp-content/plugins/google-language-translator/css/stylea288.css]
[www.360wellsols.com/wp-content/plugins/pricingtable/css/stylea288.css]
[www.360wellsols.com/wp-content/plugins/pricingtable/css/style-commona288.css]
[www.360wellsols.com/wp-content/plugins/pricingtable/css/animatea288.css]
[www.360wellsols.com/wp-content/plugins/pricingtable/ParaAdmin/css/ParaAdmina288.css]
[www.360wellsols.com/wp-content/plugins/pricingtable/fonts/ahronbda288.ttf]
[www.360wellsols.com/wp-content/plugins/pricingtable/fonts/Bellerosea288.ttf]
[www.360wellsols.com/wp-content/plugins/js_composer/assets/lib/bower/font-awesome/fonts/fontawesome-webfontd41d.eot]
[www.360wellsols.com/wp-content/plugins/js_composer/assets/lib/bower/font-awesome/fonts/fontawesome-webfont5b62.woff2]
[www.360wellsols.com/wp-content/plugins/js_composer/assets/lib/bower/font-awesome/fonts/fontawesome-webfont5b62.woff]
[www.360wellsols.com/wp-content/plugins/js_composer/assets/lib/bower/font-awesome/fonts/fontawesome-webfont5b62.ttf]
[www.360wellsols.com/wp-content/plugins/js_composer/assets/lib/bower/font-awesome/css/font-awesome.min5597.css]
[www.360wellsols.com/wp-includes/css/dashicons.mina288.css]
[www.360wellsols.com/wp-content/plugins/social-warfare/css/style.min8ce6.css]
[www.360wellsols.com/wp-content/themes/noo-hermosa/assets/vendor/datetimepicker/jquery.ui.timepickera288.css]
[www.360wellsols.com/wp-includes/fonts/dashicons.eot]
[www.360wellsols.com/wp-content/themes/noo-hermosa/assets/vendor/fontawesome/fonts/fontawesome-webfontd41d.eot]
[www.360wellsols.com/wp-content/themes/noo-hermosa/assets/vendor/fontawesome/fonts/fontawesome-webfont914c.woff2]
[www.360wellsols.com/wp-content/themes/noo-hermosa/assets/vendor/fontawesome/fonts/fontawesome-webfont914c.woff]
[www.360wellsols.com/wp-content/themes/noo-hermosa/assets/vendor/fontawesome/fonts/fontawesome-webfont914c.ttf]
[www.360wellsols.com/wp-content/themes/noo-hermosa/assets/vendor/fontawesome/css/font-awesome.min1c9b.css]
[www.360wellsols.com/wp-content/themes/noo-hermosa/assets/vendor/fullcalendar/fullcalendara288.css]
[www.360wellsols.com/wp-content/themes/noo-hermosa/assets/vendor/ionicons/fonts/ionicons28b5.ttf]
[www.360wellsols.com/wp-content/themes/noo-hermosa/assets/vendor/ionicons/fonts/ionicons28b5.woff]
[www.360wellsols.com/wp-content/themes/noo-hermosa/assets/vendor/ionicons/css/ionicons.minae82.css]
[www.360wellsols.com/wp-content/themes/noo-hermosa/assets/css/noo.css]
[www.360wellsols.com/wp-content/uploads/noo-hermosa/custom.css]
[www.360wellsols.com/wp-content/themes/noo-hermosa/style.css]
[www.360wellsols.com/wp-content/themes/noo-hermosa/includes/admin_assets/css/noo-megamenua288.css]
[www.360wellsols.com/wp-content/plugins/js_composer/assets/vc/info.png]
[www.360wellsols.com/wp-content/plugins/js_composer/assets/vc/tick.png]
[www.360wellsols.com/wp-content/plugins/js_composer/assets/vc/exclamation.png]
[www.360wellsols.com/wp-content/plugins/js_composer/assets/images/icons/address-book.png]
[www.360wellsols.com/wp-content/plugins/js_composer/assets/images/icons/alarm-clock.png]
[www.360wellsols.com/wp-content/plugins/js_composer/assets/images/icons/anchor.png]
[www.360wellsols.com/wp-content/plugins/js_composer/assets/images/icons/application-image.png]
[www.360wellsols.com/wp-content/plugins/js_composer/assets/images/icons/arrow.png]
[www.360wellsols.com/wp-content/plugins/js_composer/assets/images/icons/asterisk.png]
[www.360wellsols.com/wp-content/plugins/js_composer/assets/images/icons/auction-hammer.png]
[www.360wellsols.com/wp-content/plugins/js_composer/assets/images/icons/balloon.png]
[www.360wellsols.com/wp-content/plugins/js_composer/assets/images/icons/balloon-buzz.png]
[www.360wellsols.com/wp-content/plugins/js_composer/assets/images/icons/balloon-facebook.png]
[www.360wellsols.com/wp-content/plugins/js_composer/assets/images/icons/balloon-twitter.png]
[www.360wellsols.com/wp-content/plugins/js_composer/assets/images/icons/battery-full.png]
[www.360wellsols.com/wp-content/plugins/js_composer/assets/images/icons/binocular.png]
[www.360wellsols.com/wp-content/plugins/js_composer/assets/images/icons/blue-document-excel.png]
[www.360wellsols.com/wp-content/plugins/js_composer/assets/images/icons/blue-document-image.png]
[www.360wellsols.com/wp-content/plugins/js_composer/assets/images/icons/blue-document-music.png]
[www.360wellsols.com/wp-content/plugins/js_composer/assets/images/icons/blue-document-office.png]
[www.360wellsols.com/wp-content/plugins/js_composer/assets/images/icons/blue-document-pdf.png]
[www.360wellsols.com/wp-content/plugins/js_composer/assets/images/icons/blue-document-powerpoint.png]
[www.360wellsols.com/wp-content/plugins/js_composer/assets/images/icons/blue-document-word.png]
[www.360wellsols.com/wp-content/plugins/js_composer/assets/images/icons/bookmark.png]
[www.360wellsols.com/wp-content/plugins/js_composer/assets/images/icons/camcorder.png]
[www.360wellsols.com/wp-content/plugins/js_composer/assets/images/icons/camera.png]
[www.360wellsols.com/wp-content/plugins/js_composer/assets/images/icons/chart.png]
[www.360wellsols.com/wp-content/plugins/js_composer/assets/images/icons/chart-pie.png]
[www.360wellsols.com/wp-content/plugins/js_composer/assets/images/icons/clock.png]
[www.360wellsols.com/wp-content/plugins/js_composer/assets/images/icons/control.png]
[www.360wellsols.com/wp-content/plugins/js_composer/assets/images/icons/fire.png]
